
> react-typescript-starter@0.1.0 test
> react-scripts test --coverage

Browserslist: caniuse-lite is outdated. Please run:
  npx browserslist@latest --update-db
  Why you should do it regularly: https://github.com/browserslist/browserslist#browsers-data-updating
PASS src/nested.test.ts
PASS src/arrays.test.ts
PASS src/objects.test.ts
PASS src/components/StartAttempt.test.tsx
PASS src/components/TwoDice.test.tsx
PASS src/form-components/MultipleChoiceQuestion.test.tsx
PASS src/bad-components/ChooseTeam.test.tsx
PASS src/bad-components/DoubleHalf.test.tsx
PASS src/functions.test.ts
PASS src/form-components/CheckAnswer.test.tsx
FAIL src/form-components/EditMode.test.tsx
  ● EditMode Component tests › There is one checkbox and no textboxes

    TestingLibraryElementError: Found multiple elements with the role "checkbox"

    Here are the matching elements:

    Ignored nodes: comments, <script />, <style />
    [36m<input[39m
      [33mclass[39m=[32m"form-check-input"[39m
      [33mid[39m=[32m"is-happy-check"[39m
      [33mtype[39m=[32m"checkbox"[39m
    [36m/>[39m

    Ignored nodes: comments, <script />, <style />
    [36m<input[39m
      [33mclass[39m=[32m"form-check-input"[39m
      [33mid[39m=[32m"is-happy-check"[39m
      [33mtype[39m=[32m"checkbox"[39m
    [36m/>[39m

    (If this is intentional, then use the `*AllBy*` variant of the query (like `queryAllByText`, `getAllByText`, or `findAllByText`)).

    Ignored nodes: comments, <script />, <style />
    [36m<body>[39m
      [36m<div>[39m
        [36m<div>[39m
          [36m<h3>[39m
            [0mEdit Mode[0m
          [36m</h3>[39m
          [36m<div>[39m
            [36m<div>[39m
              [36m<label[39m
                [33mclass[39m=[32m"form-label"[39m
                [33mfor[39m=[32m"name"[39m
              [36m>[39m
                [0mWhat is your name?[0m
              [36m</label>[39m
              [36m<input[39m
                [33mclass[39m=[32m"form-control"[39m
                [33mid[39m=[32m"name"[39m
                [33mtype[39m=[32m"string"[39m
              [36m/>[39m
            [36m</div>[39m
          [36m</div>[39m
          [36m<div[39m
            [33mclass[39m=[32m"form-check form-switch"[39m
          [36m>[39m
            [36m<input[39m
              [33mclass[39m=[32m"form-check-input"[39m
              [33mid[39m=[32m"is-happy-check"[39m
              [33mtype[39m=[32m"checkbox"[39m
            [36m/>[39m
            [36m<label[39m
              [33mclass[39m=[32m"form-check-label"[39m
              [33mfor[39m=[32m"is-happy-check"[39m
              [33mtitle[39m=[32m""[39m
            [36m>[39m
              [0mStudent?[0m
            [36m</label>[39m
          [36m</div>[39m
          [36m<div[39m
            [33mclass[39m=[32m""[39m
          [36m>[39m
            [36m<input[39m
              [33mclass[39m=[32m"form-check-input"[39m
              [33mid[39m=[32m"is-happy-check"[39m
              [33mtype[39m=[32m"checkbox"[39m
            [36m/>[39m
          [36m</div>[39m
          [36m<div>[39m
            [0m [0m
            [0m is a student[0m
          [36m</div>[39m
        [36m</div>[39m
      [36m</div>[39m
    [36m</body>[39m

       7 |     beforeEach(() => render(<EditMode />));
       8 |     test("There is one checkbox and no textboxes", () => {
    >  9 |         const switchButton = screen.getByRole("checkbox");
         |                                     ^
      10 |         expect(switchButton).toBeInTheDocument();
      11 |         expect(switchButton.parentElement).toHaveClass("form-switch");
      12 |         expect(screen.queryByRole("textbox")).not.toBeInTheDocument();

      at Object.getElementError (node_modules/@testing-library/dom/dist/config.js:38:19)
      at getElementError (node_modules/@testing-library/dom/dist/query-helpers.js:25:35)
      at getMultipleElementsFoundError (node_modules/@testing-library/dom/dist/query-helpers.js:29:10)
      at node_modules/@testing-library/dom/dist/query-helpers.js:66:13
      at getByRole (node_modules/@testing-library/dom/dist/query-helpers.js:111:19)
      at Object.<anonymous> (src/form-components/EditMode.test.tsx:9:37)

  ● EditMode Component tests › Initial text should be 'Your Name is a student'.

    TestingLibraryElementError: Unable to find an element with the text: /Your Name is a student/i. This could be because the text is broken up by multiple elements. In this case, you can provide a function for your text matcher to make your matcher more flexible.

    Ignored nodes: comments, <script />, <style />
    [36m<body>[39m
      [36m<div>[39m
        [36m<div>[39m
          [36m<h3>[39m
            [0mEdit Mode[0m
          [36m</h3>[39m
          [36m<div>[39m
            [36m<div>[39m
              [36m<label[39m
                [33mclass[39m=[32m"form-label"[39m
                [33mfor[39m=[32m"name"[39m
              [36m>[39m
                [0mWhat is your name?[0m
              [36m</label>[39m
              [36m<input[39m
                [33mclass[39m=[32m"form-control"[39m
                [33mid[39m=[32m"name"[39m
                [33mtype[39m=[32m"string"[39m
              [36m/>[39m
            [36m</div>[39m
          [36m</div>[39m
          [36m<div[39m
            [33mclass[39m=[32m"form-check form-switch"[39m
          [36m>[39m
            [36m<input[39m
              [33mclass[39m=[32m"form-check-input"[39m
              [33mid[39m=[32m"is-happy-check"[39m
              [33mtype[39m=[32m"checkbox"[39m
            [36m/>[39m
            [36m<label[39m
              [33mclass[39m=[32m"form-check-label"[39m
              [33mfor[39m=[32m"is-happy-check"[39m
              [33mtitle[39m=[32m""[39m
            [36m>[39m
              [0mStudent?[0m
            [36m</label>[39m
          [36m</div>[39m
          [36m<div[39m
            [33mclass[39m=[32m""[39m
          [36m>[39m
            [36m<input[39m
              [33mclass[39m=[32m"form-check-input"[39m
              [33mid[39m=[32m"is-happy-check"[39m
              [33mtype[39m=[32m"checkbox"[39m
            [36m/>[39m
          [36m</div>[39m
          [36m<div>[39m
            [0m [0m
            [0m is a student[0m
          [36m</div>[39m
        [36m</div>[39m
      [36m</div>[39m
    [36m</body>[39m

      13 |     });
      14 |     test("Initial text should be 'Your Name is a student'.", () => {
    > 15 |         expect(screen.getByText(/Your Name is a student/i)).toBeInTheDocument();
         |                       ^
      16 |     });
      17 |     test("Can switch into Edit Mode", () => {
      18 |         const switchButton = screen.getByRole("checkbox");

      at Object.getElementError (node_modules/@testing-library/dom/dist/config.js:38:19)
      at node_modules/@testing-library/dom/dist/query-helpers.js:90:38
      at node_modules/@testing-library/dom/dist/query-helpers.js:62:17
      at getByText (node_modules/@testing-library/dom/dist/query-helpers.js:111:19)
      at Object.<anonymous> (src/form-components/EditMode.test.tsx:15:23)

  ● EditMode Component tests › Can switch into Edit Mode

    TestingLibraryElementError: Found multiple elements with the role "checkbox"

    Here are the matching elements:

    Ignored nodes: comments, <script />, <style />
    [36m<input[39m
      [33mclass[39m=[32m"form-check-input"[39m
      [33mid[39m=[32m"is-happy-check"[39m
      [33mtype[39m=[32m"checkbox"[39m
    [36m/>[39m

    Ignored nodes: comments, <script />, <style />
    [36m<input[39m
      [33mclass[39m=[32m"form-check-input"[39m
      [33mid[39m=[32m"is-happy-check"[39m
      [33mtype[39m=[32m"checkbox"[39m
    [36m/>[39m

    (If this is intentional, then use the `*AllBy*` variant of the query (like `queryAllByText`, `getAllByText`, or `findAllByText`)).

    Ignored nodes: comments, <script />, <style />
    [36m<body>[39m
      [36m<div>[39m
        [36m<div>[39m
          [36m<h3>[39m
            [0mEdit Mode[0m
          [36m</h3>[39m
          [36m<div>[39m
            [36m<div>[39m
              [36m<label[39m
                [33mclass[39m=[32m"form-label"[39m
                [33mfor[39m=[32m"name"[39m
              [36m>[39m
                [0mWhat is your name?[0m
              [36m</label>[39m
              [36m<input[39m
                [33mclass[39m=[32m"form-control"[39m
                [33mid[39m=[32m"name"[39m
                [33mtype[39m=[32m"string"[39m
              [36m/>[39m
            [36m</div>[39m
          [36m</div>[39m
          [36m<div[39m
            [33mclass[39m=[32m"form-check form-switch"[39m
          [36m>[39m
            [36m<input[39m
              [33mclass[39m=[32m"form-check-input"[39m
              [33mid[39m=[32m"is-happy-check"[39m
              [33mtype[39m=[32m"checkbox"[39m
            [36m/>[39m
            [36m<label[39m
              [33mclass[39m=[32m"form-check-label"[39m
              [33mfor[39m=[32m"is-happy-check"[39m
              [33mtitle[39m=[32m""[39m
            [36m>[39m
              [0mStudent?[0m
            [36m</label>[39m
          [36m</div>[39m
          [36m<div[39m
            [33mclass[39m=[32m""[39m
          [36m>[39m
            [36m<input[39m
              [33mclass[39m=[32m"form-check-input"[39m
              [33mid[39m=[32m"is-happy-check"[39m
              [33mtype[39m=[32m"checkbox"[39m
            [36m/>[39m
          [36m</div>[39m
          [36m<div>[39m
            [0m [0m
            [0m is a student[0m
          [36m</div>[39m
        [36m</div>[39m
      [36m</div>[39m
    [36m</body>[39m

      16 |     });
      17 |     test("Can switch into Edit Mode", () => {
    > 18 |         const switchButton = screen.getByRole("checkbox");
         |                                     ^
      19 |         switchButton.click();
      20 |         expect(screen.getByRole("textbox")).toBeInTheDocument();
      21 |         expect(screen.getAllByRole("checkbox")).toHaveLength(2);

      at Object.getElementError (node_modules/@testing-library/dom/dist/config.js:38:19)
      at getElementError (node_modules/@testing-library/dom/dist/query-helpers.js:25:35)
      at getMultipleElementsFoundError (node_modules/@testing-library/dom/dist/query-helpers.js:29:10)
      at node_modules/@testing-library/dom/dist/query-helpers.js:66:13
      at getByRole (node_modules/@testing-library/dom/dist/query-helpers.js:111:19)
      at Object.<anonymous> (src/form-components/EditMode.test.tsx:18:37)

  ● EditMode Component tests › Editing the name and student status changes the text

    TestingLibraryElementError: Found multiple elements with the role "checkbox"

    Here are the matching elements:

    Ignored nodes: comments, <script />, <style />
    [36m<input[39m
      [33mclass[39m=[32m"form-check-input"[39m
      [33mid[39m=[32m"is-happy-check"[39m
      [33mtype[39m=[32m"checkbox"[39m
    [36m/>[39m

    Ignored nodes: comments, <script />, <style />
    [36m<input[39m
      [33mclass[39m=[32m"form-check-input"[39m
      [33mid[39m=[32m"is-happy-check"[39m
      [33mtype[39m=[32m"checkbox"[39m
    [36m/>[39m

    (If this is intentional, then use the `*AllBy*` variant of the query (like `queryAllByText`, `getAllByText`, or `findAllByText`)).

    Ignored nodes: comments, <script />, <style />
    [36m<body>[39m
      [36m<div>[39m
        [36m<div>[39m
          [36m<h3>[39m
            [0mEdit Mode[0m
          [36m</h3>[39m
          [36m<div>[39m
            [36m<div>[39m
              [36m<label[39m
                [33mclass[39m=[32m"form-label"[39m
                [33mfor[39m=[32m"name"[39m
              [36m>[39m
                [0mWhat is your name?[0m
              [36m</label>[39m
              [36m<input[39m
                [33mclass[39m=[32m"form-control"[39m
                [33mid[39m=[32m"name"[39m
                [33mtype[39m=[32m"string"[39m
              [36m/>[39m
            [36m</div>[39m
          [36m</div>[39m
          [36m<div[39m
            [33mclass[39m=[32m"form-check form-switch"[39m
          [36m>[39m
            [36m<input[39m
              [33mclass[39m=[32m"form-check-input"[39m
              [33mid[39m=[32m"is-happy-check"[39m
              [33mtype[39m=[32m"checkbox"[39m
            [36m/>[39m
            [36m<label[39m
              [33mclass[39m=[32m"form-check-label"[39m
              [33mfor[39m=[32m"is-happy-check"[39m
              [33mtitle[39m=[32m""[39m
            [36m>[39m
              [0mStudent?[0m
            [36m</label>[39m
          [36m</div>[39m
          [36m<div[39m
            [33mclass[39m=[32m""[39m
          [36m>[39m
            [36m<input[39m
              [33mclass[39m=[32m"form-check-input"[39m
              [33mid[39m=[32m"is-happy-check"[39m
              [33mtype[39m=[32m"checkbox"[39m
            [36m/>[39m
          [36m</div>[39m
          [36m<div>[39m
            [0m [0m
            [0m is a student[0m
          [36m</div>[39m
        [36m</div>[39m
      [36m</div>[39m
    [36m</body>[39m

      22 |     });
      23 |     test("Editing the name and student status changes the text", () => {
    > 24 |         const switchButton = screen.getByRole("checkbox");
         |                                     ^
      25 |         switchButton.click();
      26 |         const nameBox = screen.getByRole("textbox");
      27 |         userEvent.type(nameBox, "Ada Lovelace");

      at Object.getElementError (node_modules/@testing-library/dom/dist/config.js:38:19)
      at getElementError (node_modules/@testing-library/dom/dist/query-helpers.js:25:35)
      at getMultipleElementsFoundError (node_modules/@testing-library/dom/dist/query-helpers.js:29:10)
      at node_modules/@testing-library/dom/dist/query-helpers.js:66:13
      at getByRole (node_modules/@testing-library/dom/dist/query-helpers.js:111:19)
      at Object.<anonymous> (src/form-components/EditMode.test.tsx:24:37)

  ● EditMode Component tests › Different name, click student box twice changes the text

    TestingLibraryElementError: Found multiple elements with the role "checkbox"

    Here are the matching elements:

    Ignored nodes: comments, <script />, <style />
    [36m<input[39m
      [33mclass[39m=[32m"form-check-input"[39m
      [33mid[39m=[32m"is-happy-check"[39m
      [33mtype[39m=[32m"checkbox"[39m
    [36m/>[39m

    Ignored nodes: comments, <script />, <style />
    [36m<input[39m
      [33mclass[39m=[32m"form-check-input"[39m
      [33mid[39m=[32m"is-happy-check"[39m
      [33mtype[39m=[32m"checkbox"[39m
    [36m/>[39m

    (If this is intentional, then use the `*AllBy*` variant of the query (like `queryAllByText`, `getAllByText`, or `findAllByText`)).

    Ignored nodes: comments, <script />, <style />
    [36m<body>[39m
      [36m<div>[39m
        [36m<div>[39m
          [36m<h3>[39m
            [0mEdit Mode[0m
          [36m</h3>[39m
          [36m<div>[39m
            [36m<div>[39m
              [36m<label[39m
                [33mclass[39m=[32m"form-label"[39m
                [33mfor[39m=[32m"name"[39m
              [36m>[39m
                [0mWhat is your name?[0m
              [36m</label>[39m
              [36m<input[39m
                [33mclass[39m=[32m"form-control"[39m
                [33mid[39m=[32m"name"[39m
                [33mtype[39m=[32m"string"[39m
              [36m/>[39m
            [36m</div>[39m
          [36m</div>[39m
          [36m<div[39m
            [33mclass[39m=[32m"form-check form-switch"[39m
          [36m>[39m
            [36m<input[39m
              [33mclass[39m=[32m"form-check-input"[39m
              [33mid[39m=[32m"is-happy-check"[39m
              [33mtype[39m=[32m"checkbox"[39m
            [36m/>[39m
            [36m<label[39m
              [33mclass[39m=[32m"form-check-label"[39m
              [33mfor[39m=[32m"is-happy-check"[39m
              [33mtitle[39m=[32m""[39m
            [36m>[39m
              [0mStudent?[0m
            [36m</label>[39m
          [36m</div>[39m
          [36m<div[39m
            [33mclass[39m=[32m""[39m
          [36m>[39m
            [36m<input[39m
              [33mclass[39m=[32m"form-check-input"[39m
              [33mid[39m=[32m"is-happy-check"[39m
              [33mtype[39m=[32m"checkbox"[39m
            [36m/>[39m
          [36m</div>[39m
          [36m<div>[39m
            [0m [0m
            [0m is a student[0m
          [36m</div>[39m
        [36m</div>[39m
      [36m</div>[39m
    [36m</body>[39m

      34 |     });
      35 |     test("Different name, click student box twice changes the text", () => {
    > 36 |         const switchButton = screen.getByRole("checkbox");
         |                                     ^
      37 |         switchButton.click();
      38 |         const nameBox = screen.getByRole("textbox");
      39 |         userEvent.type(nameBox, "Alan Turing");

      at Object.getElementError (node_modules/@testing-library/dom/dist/config.js:38:19)
      at getElementError (node_modules/@testing-library/dom/dist/query-helpers.js:25:35)
      at getMultipleElementsFoundError (node_modules/@testing-library/dom/dist/query-helpers.js:29:10)
      at node_modules/@testing-library/dom/dist/query-helpers.js:66:13
      at getByRole (node_modules/@testing-library/dom/dist/query-helpers.js:111:19)
      at Object.<anonymous> (src/form-components/EditMode.test.tsx:36:37)

PASS src/components/ChangeType.test.tsx
PASS src/components/CycleHoliday.test.tsx
PASS src/form-components/GiveAttempts.test.tsx
PASS src/form-components/ChangeColor.test.tsx
PASS src/components/Counter.test.tsx
PASS src/components/RevealAnswer.test.tsx
PASS src/bad-components/ColoredBox.test.tsx
PASS src/bad-components/ShoveBox.test.tsx
PASS src/App.test.tsx
-----------------------------|---------|----------|---------|---------|-------------------
File                         | % Stmts | % Branch | % Funcs | % Lines | Uncovered Line #s 
-----------------------------|---------|----------|---------|---------|-------------------
All files                    |   99.28 |    94.73 |   98.36 |   99.24 |                   
 src                         |     100 |    98.18 |     100 |     100 |                   
  App.tsx                    |     100 |      100 |     100 |     100 |                   
  arrays.ts                  |     100 |      100 |     100 |     100 |                   
  functions.ts               |     100 |      100 |     100 |     100 |                   
  nested.ts                  |     100 |    92.85 |     100 |     100 | 261               
  objects.ts                 |     100 |      100 |     100 |     100 |                   
 src/bad-components          |     100 |       50 |     100 |     100 |                   
  ChooseTeam.tsx             |     100 |       50 |     100 |     100 | 19                
  ColoredBox.tsx             |     100 |      100 |     100 |     100 |                   
  DoubleHalf.tsx             |     100 |      100 |     100 |     100 |                   
  ShoveBox.tsx               |     100 |      100 |     100 |     100 |                   
 src/components              |     100 |    93.75 |     100 |     100 |                   
  ChangeType.tsx             |     100 |      100 |     100 |     100 |                   
  Counter.tsx                |     100 |      100 |     100 |     100 |                   
  CycleHoliday.tsx           |     100 |       90 |     100 |     100 | 25,39             
  RevealAnswer.tsx           |     100 |      100 |     100 |     100 |                   
  StartAttempt.tsx           |     100 |      100 |     100 |     100 |                   
  TwoDice.tsx                |     100 |      100 |     100 |     100 |                   
 src/form-components         |   94.44 |    83.33 |    87.5 |   94.44 |                   
  ChangeColor.tsx            |     100 |      100 |     100 |     100 |                   
  CheckAnswer.tsx            |     100 |      100 |     100 |     100 |                   
  EditMode.tsx               |      60 |       50 |   33.33 |      60 | 9-13              
  GiveAttempts.tsx           |     100 |      100 |     100 |     100 |                   
  MultipleChoiceQuestion.tsx |     100 |      100 |     100 |     100 |                   
 src/interfaces              |       0 |        0 |       0 |       0 |                   
  answer.ts                  |       0 |        0 |       0 |       0 |                   
  question.ts                |       0 |        0 |       0 |       0 |                   
-----------------------------|---------|----------|---------|---------|-------------------

Test Suites: 1 failed, 19 passed, 20 total
Tests:       5 failed, 129 passed, 134 total
Snapshots:   0 total
Time:        11.467 s
Ran all test suites.
